Microchip MPLAB XC8 Compiler V2.32

Linker command line:

-W-3 --edf=C:\Program Files\Microchip\xc8\v2.32\pic\dat\en_msgs.txt -cn \
  -h+dist/default/production\ProyectoFinal.X.production.sym \
  --cmf=dist/default/production\ProyectoFinal.X.production.cmf -z -Q18F4550 \
  -oC:\Users\jgarn\AppData\Local\Temp\xcAs7q8.4 \
  -Mdist/default/production/ProyectoFinal.X.production.map -E1 \
  -ver=XC8 Compiler -ASTACK=060h-07FFh -pstack=STACK -ACODE=00h-07FFFh \
  -ACONST=00h-07FFFh -ASMALLCONST=0800h-08FFhx120 \
  -AMEDIUMCONST=0800h-07FFFh -ACOMRAM=01h-05Fh -AABS1=00h-07FFh \
  -ABIGRAM=01h-07FFh -ARAM=060h-0FFh,0100h-01FFhx7 -ABANK0=060h-0FFh \
  -ABANK1=0100h-01FFh -ABANK2=0200h-02FFh -ABANK3=0300h-03FFh \
  -ABANK4=0400h-04FFh -ABANK5=0500h-05FFh -ABANK6=0600h-06FFh \
  -ABANK7=0700h-07FFh -ASFR=0F60h-0FFFh -ACONFIG=0300000h-030000Dh \
  -AIDLOC=0200000h-0200007h -AEEDATA=0F00000h-0F000FFh -peeprom_data=EEDATA \
  -preset_vec=00h,intcode=08h,intcodelo,powerup,init -pramtop=0800h \
  -psmallconst=SMALLCONST -pmediumconst=MEDIUMCONST -pconst=CONST \
  -AFARRAM=00h-00h \
  -prdata=COMRAM,nvrram=COMRAM,nvbit=COMRAM,rbss=COMRAM,rbit=COMRAM \
  -pfarbss=FARRAM,fardata=FARRAM,nvFARRAM=FARRAM \
  -pintsave_regs=BIGRAM,bigbss=BIGRAM,bigdata=BIGRAM -pbss=RAM \
  -pidata=CODE,irdata=CODE,ibigdata=CODE,ifardata=CODE -prparam=COMRAM \
  C:\Users\jgarn\AppData\Local\Temp\xcAs7q8.obj \
  dist/default/production\ProyectoFinal.X.production.obj 

Object code version is 3.11

Machine type is 18F4550



                Name                               Link     Load   Length Selector   Space Scale
C:\Users\jgarn\AppData\Local\Temp\xcAs7q8.obj
                idloc                            200000   200000        8        0       5
                config                           300000   300000        E        0       4
                init                                  E        E        4        4       0
                reset_vec                             0        0        4        0       0
dist/default/production\ProyectoFinal.X.production.obj
                intcode                               8        8        6        4       0
                idloc                            200000   200000        8        0       5
                config                           300000   300000        E        0       4
                temp                                 1A       1A        1        1       1
                smallconst                          800      800       22      400       0
                intcode_body                        ABE      ABE       1E      411       0
                text11                              ADC      ADC       18      411       0
                text10                              B34      B34        E      411       0
                text9                               97A      97A       66      411       0
                text8                               A26      A26       46      411       0
                text7                               B20      B20       14      411       0
                text6                               8DE      8DE       9C      411       0
                text5                               B0A      B0A       16      411       0
                text4                               AF4      AF4       16      411       0
                text3                               9E0      9E0       46      411       0
                text2                               B42      B42        C      411       0
                text1                               A98      A98       26      411       0
                text0                               822      822       BC      411       0
                cstackCOMRAM                          F        F        A        1       1
                dataCOMRAM                           19       19        1        1       1
                bssCOMRAM                             1        1        E        1       1
                cinit                               A6C      A6C       2C      411       0
                idataCOMRAM                         B4E      B4E        1      411       0

TOTAL           Name                               Link     Load   Length     Space
        CLASS   STACK          

        CLASS   CODE           
                intcode                               8        8        6         0
                init                                  E        E        4         0
                reset_vec                             0        0        4         0
                intcode_body                        ABE      ABE       1E         0
                text11                              ADC      ADC       18         0
                text10                              B34      B34        E         0
                text9                               97A      97A       66         0
                text8                               A26      A26       46         0
                text7                               B20      B20       14         0
                text6                               8DE      8DE       9C         0
                text5                               B0A      B0A       16         0
                text4                               AF4      AF4       16         0
                text3                               9E0      9E0       46         0
                text2                               B42      B42        C         0
                text1                               A98      A98       26         0
                text0                               822      822       BC         0
                cinit                               A6C      A6C       2C         0
                idataCOMRAM                         B4E      B4E        1         0

        CLASS   CONST          

        CLASS   SMALLCONST     
                smallconst                          800      800       22         0

        CLASS   MEDIUMCONST    

        CLASS   COMRAM         
                temp                                 1A       1A        1         1
                cstackCOMRAM                          F        F        A         1
                dataCOMRAM                           19       19        1         1
                bssCOMRAM                             1        1        E         1

        CLASS   ABS1           

        CLASS   BIGRAM         

        CLASS   RAM            

        CLASS   BANK0          

        CLASS   BANK1          

        CLASS   BANK2          

        CLASS   BANK3          

        CLASS   BANK4          

        CLASS   BANK5          

        CLASS   BANK6          

        CLASS   BANK7          

        CLASS   SFR            

        CLASS   CONFIG         
                config                           300000   300000        E         4

        CLASS   IDLOC          
                idloc                            200000   200000        8         5

        CLASS   EEDATA         

        CLASS   FARRAM         



SEGMENTS        Name                           Load    Length   Top    Selector   Space  Class

                reset_vec                      000000  000004  000004         0       0  CODE    
                bssCOMRAM                      000001  00001A  00001B         1       1  COMRAM  
                intcode                        000008  00000A  000012         4       0  CODE    
                smallconst                     000800  000022  000822       400       0  SMALLCON
                text0                          000822  00032D  000B4F       411       0  CODE    


UNUSED ADDRESS RANGES

        Name                Unused          Largest block    Delta
        BANK0            000060-0000FF               A0
        BANK1            000100-0001FF              100
        BANK2            000200-0002FF              100
        BANK3            000300-0003FF              100
        BANK4            000400-0004FF              100
        BANK5            000500-0005FF              100
        BANK6            000600-0006FF              100
        BANK7            000700-0007FF              100
        BIGRAM           00001B-0007FF              7E5
        CODE             000004-000007                4
                         000012-0007FF              7EE
                         000B4F-007FFF             74B1
        COMRAM           00001B-00005F               45
        CONST            000004-000007                4
                         000012-0007FF              7EE
                         000B4F-007FFF             74B1
        EEDATA           F00000-F000FF              100
        MEDIUMCONST      000B4F-007FFF             74B1
        RAM              000060-0007FF              100
        SFR              000F60-000FFF               A0
        SMALLCONST       000B4F-007FFF              100
        STACK            000060-0007FF              7A0

                                  Symbol Table

?_conversion             cstackCOMRAM 00000F
ConfiguraLCD@a           cstackCOMRAM 00000F
DireccionaLCD@a          cstackCOMRAM 000013
EnviaDato@a              cstackCOMRAM 000012
EscribeLCD_c@a           cstackCOMRAM 000013
MensajeLCD_Var@a         cstackCOMRAM 000014
MensajeLCD_Var@i         cstackCOMRAM 000016
RetardoLCD@a             cstackCOMRAM 000010
Transmitir@mensaje       cstackCOMRAM 00000F
_ADCON0                  (abs)        000FC2
_ADCON1                  (abs)        000FC1
_ADCON2                  (abs)        000FC0
_ADRES                   (abs)        000FC3
_BAUDCON                 (abs)        000FB8
_BPM                     bssCOMRAM    000001
_Bloqueo                 bssCOMRAM    00000C
_BorraLCD                text7        000B20
_ConfiguraLCD            text11       000ADC
_DireccionaLCD           text5        000B0A
_EnviaDato               text8        000A26
_EscribeLCD_c            text4        000AF4
_GIE                     (abs)        007F97
_GO                      (abs)        007E11
_HabilitaLCD             text10       000B34
_ISR                     intcode      000008
_InicializaLCD           text6        0008DE
_LATB                    (abs)        000F8A
_LATB0                   (abs)        007C50
_LATD                    (abs)        000F8C
_LATE0                   (abs)        007C68
_LATE1                   (abs)        007C69
_MensajeLCD_Var          text3        0009E0
_Mostrar                 bssCOMRAM    00000E
_RCSTA                   (abs)        000FAB
_RetardoLCD              text9        00097A
_SPBRG                   (abs)        000FAF
_T0CON                   (abs)        000FD5
_TMR0                    (abs)        000FD6
_TMR0IE                  (abs)        007F95
_TMR0IF                  (abs)        007F92
_TMR0ON                  (abs)        007EAF
_TRISB                   (abs)        000F93
_TRISD                   (abs)        000F95
_TRISE                   (abs)        000F96
_TRMT                    (abs)        007D61
_TXREG                   (abs)        000FAD
_TXSTA                   (abs)        000FAC
_Transmitir              text2        000B42
__HRAM                   (abs)        000000
__Habs1                  abs1         000000
__Hbank0                 bank0        000000
__Hbank1                 bank1        000000
__Hbank2                 bank2        000000
__Hbank3                 bank3        000000
__Hbank4                 bank4        000000
__Hbank5                 bank5        000000
__Hbank6                 bank6        000000
__Hbank7                 bank7        000000
__Hbigbss                bigbss       000000
__Hbigdata               bigdata      000000
__Hbigram                bigram       000000
__Hbss                   bss          000000
__HbssCOMRAM             bssCOMRAM    000000
__Hcinit                 cinit        000000
__Hclrtext               clrtext      000000
__Hcomram                comram       000000
__Hconfig                config       30000E
__Hconst                 const        000000
__HcstackCOMRAM          cstackCOMRAM 000000
__Hdata                  data         000000
__HdataCOMRAM            dataCOMRAM   000000
__Heeprom_data           eeprom_data  000000
__Hfarbss                farbss       000000
__Hfardata               fardata      000000
__Hibigdata              ibigdata     000000
__Hidata                 idata        000000
__HidataCOMRAM           idataCOMRAM  000000
__Hidloc                 idloc        200008
__Hifardata              ifardata     000000
__Hinit                  init         000012
__Hintcode               intcode      00000E
__Hintcode_body          intcode_body 000000
__Hintcodelo             intcodelo    00000E
__Hintentry              intentry     000000
__Hintret                intret       000000
__Hintsave_regs          intsave_regs 000000
__Hirdata                irdata       000000
__Hmediumconst           mediumconst  000000
__HnvFARRAM              nvFARRAM     000000
__Hnvbit                 nvbit        000000
__Hnvrram                nvrram       000000
__Hparam                 rparam       000000
__Hpowerup               powerup      00000E
__Hram                   ram          000000
__Hramtop                ramtop       000800
__Hrbit                  rbit         000000
__Hrbss                  rbss         000000
__Hrdata                 rdata        000000
__Hreset_vec             reset_vec    000004
__Hrparam                rparam       000000
__Hsfr                   sfr          000000
__Hsmallconst            smallconst   000822
__Hspace_0               (abs)        000B4F
__Hspace_1               (abs)        00001B
__Hspace_2               (abs)        000000
__Hspace_4               (abs)        60000E
__Hstack                 stack        000000
__Hstruct                struct       000000
__Htemp                  temp         00001B
__Htext                  text         000000
__Htext0                 text0        000000
__Htext1                 text1        000000
__Htext10                text10       000000
__Htext11                text11       000000
__Htext2                 text2        000000
__Htext3                 text3        000000
__Htext4                 text4        000000
__Htext5                 text5        000000
__Htext6                 text6        000000
__Htext7                 text7        000000
__Htext8                 text8        000000
__Htext9                 text9        000000
__LRAM                   (abs)        000001
__Labs1                  abs1         000000
__Lbank0                 bank0        000000
__Lbank1                 bank1        000000
__Lbank2                 bank2        000000
__Lbank3                 bank3        000000
__Lbank4                 bank4        000000
__Lbank5                 bank5        000000
__Lbank6                 bank6        000000
__Lbank7                 bank7        000000
__Lbigbss                bigbss       000000
__Lbigdata               bigdata      000000
__Lbigram                bigram       000000
__Lbss                   bss          000000
__LbssCOMRAM             bssCOMRAM    000000
__Lcinit                 cinit        000000
__Lclrtext               clrtext      000000
__Lcomram                comram       000000
__Lconfig                config       000000
__Lconst                 const        000000
__LcstackCOMRAM          cstackCOMRAM 000000
__Ldata                  data         000000
__LdataCOMRAM            dataCOMRAM   000000
__Leeprom_data           eeprom_data  000000
__Lfarbss                farbss       000000
__Lfardata               fardata      000000
__Libigdata              ibigdata     000000
__Lidata                 idata        000000
__LidataCOMRAM           idataCOMRAM  000000
__Lidloc                 idloc        000000
__Lifardata              ifardata     000000
__Linit                  init         00000E
__Lintcode               intcode      000008
__Lintcode_body          intcode_body 000000
__Lintcodelo             intcodelo    00000E
__Lintentry              intentry     000000
__Lintret                intret       000000
__Lintsave_regs          intsave_regs 000000
__Lirdata                irdata       000000
__Lmediumconst           mediumconst  000000
__LnvFARRAM              nvFARRAM     000000
__Lnvbit                 nvbit        000000
__Lnvrram                nvrram       000000
__Lparam                 rparam       000000
__Lpowerup               powerup      00000E
__Lram                   ram          000000
__Lramtop                ramtop       000800
__Lrbit                  rbit         000000
__Lrbss                  rbss         000000
__Lrdata                 rdata        000000
__Lreset_vec             reset_vec    000000
__Lrparam                rparam       000000
__Lsfr                   sfr          000000
__Lsmallconst            smallconst   000800
__Lspace_0               (abs)        000000
__Lspace_1               (abs)        000000
__Lspace_2               (abs)        000000
__Lspace_4               (abs)        000000
__Lstack                 stack        000000
__Lstruct                struct       000000
__Ltemp                  temp         00001A
__Ltext                  text         000000
__Ltext0                 text0        000000
__Ltext1                 text1        000000
__Ltext10                text10       000000
__Ltext11                text11       000000
__Ltext2                 text2        000000
__Ltext3                 text3        000000
__Ltext4                 text4        000000
__Ltext5                 text5        000000
__Ltext6                 text6        000000
__Ltext7                 text7        000000
__Ltext8                 text8        000000
__Ltext9                 text9        000000
__S0                     (abs)        000B4F
__S1                     (abs)        00001B
__S2                     (abs)        000000
__S4                     (abs)        000000
__S5                     (abs)        000000
___inthi_sp              stack        000000
___intlo_sp              stack        000000
___param_bank            (abs)        000000
___rparam_used           (abs)        000001
___sp                    stack        000000
__accesstop              (abs)        000060
__activetblptr           (abs)        000002
__end_of_BorraLCD        text7        000B34
__end_of_ConfiguraLCD    text11       000AF4
__end_of_DireccionaLCD   text5        000B20
__end_of_EnviaDato       text8        000A6C
__end_of_EscribeLCD_c    text4        000B0A
__end_of_HabilitaLCD     text10       000B42
__end_of_ISR             intcode_body 000ADC
__end_of_InicializaLCD   text6        00097A
__end_of_MensajeLCD_Var  text3        000A26
__end_of_RetardoLCD      text9        0009E0
__end_of_Transmitir      text2        000B4E
__end_of__initialization cinit        000A8A
__end_of_conversion      text1        000ABE
__end_of_main            text0        0008DE
__initialization         cinit        000A6C
__mediumconst            mediumconst  000000
__pbssCOMRAM             bssCOMRAM    000001
__pcinit                 cinit        000A6C
__pcstackCOMRAM          cstackCOMRAM 00000F
__pdataCOMRAM            dataCOMRAM   000019
__pidataCOMRAM           idataCOMRAM  000B4E
__pintcode               intcode      000008
__pintcode_body          intcode_body 000ABE
__psmallconst            smallconst   000800
__ptext0                 text0        000822
__ptext1                 text1        000A98
__ptext10                text10       000B34
__ptext11                text11       000ADC
__ptext2                 text2        000B42
__ptext3                 text3        0009E0
__ptext4                 text4        000AF4
__ptext5                 text5        000B0A
__ptext6                 text6        0008DE
__ptext7                 text7        000B20
__ptext8                 text8        000A26
__ptext9                 text9        00097A
__ramtop                 ramtop       000800
__size_of_BorraLCD       (abs)        000000
__size_of_ConfiguraLCD   (abs)        000000
__size_of_DireccionaLCD  (abs)        000000
__size_of_EnviaDato      (abs)        000000
__size_of_EscribeLCD_c   (abs)        000000
__size_of_HabilitaLCD    (abs)        000000
__size_of_ISR            (abs)        000000
__size_of_InicializaLCD  (abs)        000000
__size_of_MensajeLCD_Var (abs)        000000
__size_of_RetardoLCD     (abs)        000000
__size_of_Transmitir     (abs)        000000
__size_of_conversion     (abs)        000000
__size_of_main           (abs)        000000
__smallconst             smallconst   000800
_cent                    bssCOMRAM    00000B
_contadorB               bssCOMRAM    000005
_contadorT               bssCOMRAM    000003
_conversion              text1        000A98
_dec                     bssCOMRAM    00000A
_interfaz                dataCOMRAM   000019
_main                    text0        000822
_resultado               bssCOMRAM    000007
_uni                     bssCOMRAM    000009
_x                       bssCOMRAM    00000D
btemp                    temp         00001A
conversion@canal         cstackCOMRAM 000012
end_of_initialization    cinit        000A8A
int$flags                temp         00001A
int_func                 intcode_body 000ABE
intlevel0                text         000000
intlevel1                text         000000
intlevel2                text         000000
intlevel3                text         000000
isa$std                  (abs)        000001
isa$xinst                (abs)        000000
stackhi                  (abs)        0007FF
stacklo                  (abs)        000060
start                    init         00000E
start_initialization     cinit        000A6C
ttemp5                   temp         00001B
ttemp6                   temp         00001E
ttemp7                   temp         000022
wtemp8                   temp         00001B


MODULE INFORMATION

Module		Function		Class		Link	Load	Size
Main.c
		_conversion    		CODE           	0A98	0000	38
		_ISR           		CODE           	0008	0000	36
		_main          		CODE           	0822	0000	188
		_Transmitir    		CODE           	0B42	0000	12

Main.c estimated size: 274

shared
		__initialization		CODE           	0A6C	0000	30

shared estimated size: 30

LibLCDXC9.h
		_DireccionaLCD 		CODE           	0B0A	0000	22
		_InicializaLCD 		CODE           	08DE	0000	156
		_EnviaDato     		CODE           	0A26	0000	70
		_MensajeLCD_Var		CODE           	09E0	0000	70
		_EscribeLCD_c  		CODE           	0AF4	0000	22
		_HabilitaLCD   		CODE           	0B34	0000	14
		_ConfiguraLCD  		CODE           	0ADC	0000	24
		_BorraLCD      		CODE           	0B20	0000	20
		_RetardoLCD    		CODE           	097A	0000	102

LibLCDXC9.h estimated size: 500

